[transformers] This model config has set a `rope_parameters['original_max_position_embeddings']` field, to be used together with `max_position_embeddings` to determine a scaling factor. Please set the `factor` field of `rope_parameters`with this ratio instead -- we recommend the use of this field over `original_max_position_embeddings`, as it is compatible with most model architectures.
B1: 1/50 saved; 11.0s; tools=0
B1: 2/50 saved; 9.4s; tools=0
B1: 3/50 saved; 11.1s; tools=0
B1: 4/50 saved; 10.2s; tools=0
B1: 5/50 saved; 8.7s; tools=0
B1: 6/50 saved; 8.0s; tools=0
B1: 7/50 saved; 10.9s; tools=0
B1: 8/50 saved; 12.3s; tools=0
B1: 9/50 saved; 9.5s; tools=0
B1: 10/50 saved; 7.8s; tools=0
B1: 11/50 saved; 6.6s; tools=0
B1: 12/50 saved; 9.2s; tools=0
B1: 13/50 saved; 9.7s; tools=0
B1: 14/50 saved; 8.8s; tools=0
B1: 15/50 saved; 9.2s; tools=0
B1: 16/50 saved; 8.0s; tools=0
B1: 17/50 saved; 9.2s; tools=0
B1: 18/50 saved; 8.9s; tools=0
B1: 19/50 saved; 7.0s; tools=0
B1: 20/50 saved; 9.0s; tools=0
B1: 21/50 saved; 8.3s; tools=0
B1: 22/50 saved; 7.1s; tools=0
B1: 23/50 saved; 9.8s; tools=0
B1: 24/50 saved; 9.5s; tools=0
B1: 25/50 saved; 10.2s; tools=0
B1: 26/50 saved; 10.0s; tools=0
B1: 27/50 saved; 8.4s; tools=0
B1: 28/50 saved; 9.4s; tools=0
B1: 29/50 saved; 10.0s; tools=0
B1: 30/50 saved; 8.5s; tools=0
B1: 31/50 saved; 9.5s; tools=0
B1: 32/50 saved; 8.1s; tools=0
B1: 33/50 saved; 9.9s; tools=0
B1: 34/50 saved; 10.2s; tools=0
B1: 35/50 saved; 7.4s; tools=0
B1: 36/50 saved; 12.3s; tools=0
B1: 37/50 saved; 11.1s; tools=0
B1: 38/50 saved; 12.5s; tools=0
B1: 39/50 saved; 13.6s; tools=0
B1: 40/50 saved; 11.5s; tools=0
B1: 41/50 saved; 11.8s; tools=0
B1: 42/50 saved; 8.2s; tools=0
B1: 43/50 saved; 10.8s; tools=0
B1: 44/50 saved; 10.5s; tools=0
B1: 45/50 saved; 9.1s; tools=0
B1: 46/50 saved; 8.8s; tools=0
B1: 47/50 saved; 11.6s; tools=0
B1: 48/50 saved; 9.1s; tools=0
B1: 49/50 saved; 11.6s; tools=0
B1: 50/50 saved; 7.9s; tools=0
B3: 1/50 saved; 10.0s; tools=0
B3: 2/50 saved; 11.2s; tools=0
B3: 3/50 saved; 13.6s; tools=0
B3: 4/50 saved; 11.9s; tools=0
B3: 5/50 saved; 9.5s; tools=0
B3: 6/50 saved; 9.6s; tools=0
B3: 7/50 saved; 14.6s; tools=0
B3: 8/50 saved; 17.1s; tools=0
B3: 9/50 saved; 12.5s; tools=0
B3: 10/50 saved; 10.5s; tools=0
B3: 11/50 saved; 9.0s; tools=0
B3: 12/50 saved; 12.2s; tools=0
B3: 13/50 saved; 12.9s; tools=0
B3: 14/50 saved; 11.1s; tools=0
B3: 15/50 saved; 13.4s; tools=0
B3: 16/50 saved; 9.8s; tools=0
B3: 17/50 saved; 11.6s; tools=0
B3: 18/50 saved; 13.1s; tools=0
B3: 19/50 saved; 10.3s; tools=0
B3: 20/50 saved; 12.0s; tools=0
B3: 21/50 saved; 12.8s; tools=0
B3: 22/50 saved; 10.8s; tools=0
B3: 23/50 saved; 13.2s; tools=0
B3: 24/50 saved; 12.1s; tools=0
B3: 25/50 saved; 14.2s; tools=0
B3: 26/50 saved; 16.4s; tools=0
B3: 27/50 saved; 10.9s; tools=0
B3: 28/50 saved; 12.6s; tools=0
B3: 29/50 saved; 11.9s; tools=0
B3: 30/50 saved; 9.7s; tools=0
B3: 31/50 saved; 11.0s; tools=0
B3: 32/50 saved; 9.1s; tools=0
B3: 33/50 saved; 11.4s; tools=0
B3: 34/50 saved; 11.5s; tools=0
B3: 35/50 saved; 8.0s; tools=0
B3: 36/50 saved; 13.3s; tools=0
B3: 37/50 saved; 12.7s; tools=0
B3: 38/50 saved; 14.9s; tools=0
B3: 39/50 saved; 18.4s; tools=0
B3: 40/50 saved; 13.5s; tools=0
B3: 41/50 saved; 13.5s; tools=0
B3: 42/50 saved; 9.1s; tools=0
B3: 43/50 saved; 11.2s; tools=0
B3: 44/50 saved; 11.8s; tools=0
B3: 45/50 saved; 9.9s; tools=0
B3: 46/50 saved; 10.9s; tools=0
B3: 47/50 saved; 14.7s; tools=0
B3: 48/50 saved; 10.7s; tools=0
B3: 49/50 saved; 13.5s; tools=0
B3: 50/50 saved; 9.0s; tools=0
C1: 1/50 saved; 10.9s; tools=0
C1: 2/50 saved; 18.3s; tools=0
C1: 3/50 saved; 14.2s; tools=0
C1: 4/50 saved; 13.3s; tools=0
C1: 5/50 saved; 16.0s; tools=0
C1: 6/50 saved; 13.7s; tools=0
C1: 7/50 saved; 17.0s; tools=0
C1: 8/50 saved; 14.1s; tools=0
C1: 9/50 saved; 13.8s; tools=0
C1: 10/50 saved; 15.9s; tools=0
C1: 11/50 saved; 20.5s; tools=0
C1: 12/50 saved; 15.8s; tools=0
C1: 13/50 saved; 13.7s; tools=0
C1: 14/50 saved; 16.6s; tools=0
C1: 15/50 saved; 19.9s; tools=0
C1: 16/50 saved; 13.0s; tools=0
C1: 17/50 saved; 16.1s; tools=0
C1: 18/50 saved; 18.6s; tools=0
C1: 19/50 saved; 13.5s; tools=0
C1: 20/50 saved; 12.2s; tools=0
C1: 21/50 saved; 9.9s; tools=0
C1: 22/50 saved; 18.1s; tools=0
C1: 23/50 saved; 16.8s; tools=0
C1: 24/50 saved; 14.2s; tools=0
C1: 25/50 saved; 13.6s; tools=0
C1: 26/50 saved; 9.5s; tools=0
C1: 27/50 saved; 11.8s; tools=0
C1: 28/50 saved; 14.6s; tools=0
C1: 29/50 saved; 12.4s; tools=0
C1: 30/50 saved; 12.0s; tools=0
C1: 31/50 saved; 10.6s; tools=0
C1: 32/50 saved; 17.7s; tools=0
C1: 33/50 saved; 11.0s; tools=0
C1: 34/50 saved; 14.4s; tools=0
C1: 35/50 saved; 12.5s; tools=0
C1: 36/50 saved; 16.7s; tools=0
C1: 37/50 saved; 12.5s; tools=0
C1: 38/50 saved; 15.6s; tools=0
C1: 39/50 saved; 10.3s; tools=0
C1: 40/50 saved; 12.0s; tools=0
C1: 41/50 saved; 12.4s; tools=0
C1: 42/50 saved; 12.7s; tools=0
C1: 43/50 saved; 12.9s; tools=0
C1: 44/50 saved; 11.3s; tools=0
C1: 45/50 saved; 12.2s; tools=0
C1: 46/50 saved; 12.6s; tools=0
C1: 47/50 saved; 12.4s; tools=0
C1: 48/50 saved; 14.3s; tools=0
C1: 49/50 saved; 17.6s; tools=0
C1: 50/50 saved; 13.1s; tools=0
C2: 1/50 saved; 19.4s; tools=1
C2: 2/50 saved; 26.0s; tools=1
C2: 3/50 saved; 20.5s; tools=1
C2: 4/50 saved; 19.1s; tools=1
C2: 5/50 saved; 19.5s; tools=1
C2: 6/50 saved; 18.9s; tools=1
C2: 7/50 saved; 21.2s; tools=1
C2: 8/50 saved; 22.1s; tools=1
C2: 9/50 saved; 23.4s; tools=1
C2: 10/50 saved; 20.6s; tools=1
C2: 11/50 saved; 23.7s; tools=1
C2: 12/50 saved; 25.7s; tools=1
C2: 13/50 saved; 23.2s; tools=1
C2: 14/50 saved; 26.2s; tools=1
C2: 15/50 saved; 25.6s; tools=1
C2: 16/50 saved; 17.0s; tools=1
C2: 17/50 saved; 19.8s; tools=1
C2: 18/50 saved; 27.0s; tools=1
C2: 19/50 saved; 20.1s; tools=1
C2: 20/50 saved; 16.0s; tools=1
C2: 21/50 saved; 19.9s; tools=1
C2: 22/50 saved; 25.4s; tools=1
C2: 23/50 saved; 18.7s; tools=1
C2: 24/50 saved; 22.9s; tools=1
C2: 25/50 saved; 21.7s; tools=1
C2: 26/50 saved; 19.3s; tools=1
C2: 27/50 saved; 21.3s; tools=1
C2: 28/50 saved; 20.3s; tools=1
C2: 29/50 saved; 17.5s; tools=1
C2: 30/50 saved; 17.4s; tools=1
C2: 31/50 saved; 20.9s; tools=1
C2: 32/50 saved; 24.5s; tools=1
C2: 33/50 saved; 16.9s; tools=1
C2: 34/50 saved; 19.9s; tools=1
C2: 35/50 saved; 17.1s; tools=1
C2: 36/50 saved; 22.4s; tools=1
C2: 37/50 saved; 17.7s; tools=1
C2: 38/50 saved; 24.9s; tools=1
C2: 39/50 saved; 20.6s; tools=1
C2: 40/50 saved; 22.4s; tools=1
C2: 41/50 saved; 18.9s; tools=1
C2: 42/50 saved; 25.1s; tools=1
C2: 43/50 saved; 19.4s; tools=1
C2: 44/50 saved; 21.3s; tools=1
C2: 45/50 saved; 18.8s; tools=1
C2: 46/50 saved; 18.4s; tools=1
C2: 47/50 saved; 18.2s; tools=1
C2: 48/50 saved; 21.4s; tools=1
C2: 49/50 saved; 19.7s; tools=1
C2: 50/50 saved; 23.3s; tools=1
C3: 1/50 saved; 10.2s; tools=0
C3: 2/50 saved; 17.9s; tools=0
C3: 3/50 saved; 12.9s; tools=0
C3: 4/50 saved; 10.8s; tools=0
C3: 5/50 saved; 13.5s; tools=0
C3: 6/50 saved; 12.7s; tools=0
C3: 7/50 saved; 13.9s; tools=0
C3: 8/50 saved; 12.5s; tools=0
C3: 9/50 saved; 12.7s; tools=0
C3: 10/50 saved; 15.0s; tools=0
C3: 11/50 saved; 17.2s; tools=0
C3: 12/50 saved; 13.9s; tools=0
C3: 13/50 saved; 13.2s; tools=0
C3: 14/50 saved; 15.7s; tools=0
C3: 15/50 saved; 16.9s; tools=0
C3: 16/50 saved; 12.2s; tools=0
C3: 17/50 saved; 0.0s; tools=0
C3: 18/50 saved; 15.8s; tools=0
C3: 19/50 saved; 11.5s; tools=0
C3: 20/50 saved; 10.3s; tools=0
C3: 21/50 saved; 9.5s; tools=0
C3: 22/50 saved; 16.3s; tools=0
C3: 23/50 saved; 16.4s; tools=0
C3: 24/50 saved; 13.3s; tools=0
C3: 25/50 saved; 11.7s; tools=0
C3: 26/50 saved; 9.5s; tools=0
C3: 27/50 saved; 11.8s; tools=0
C3: 28/50 saved; 14.8s; tools=0
C3: 29/50 saved; 12.8s; tools=0
C3: 30/50 saved; 12.2s; tools=0
C3: 31/50 saved; 11.4s; tools=0
C3: 32/50 saved; 17.7s; tools=0
C3: 33/50 saved; 11.8s; tools=0
C3: 34/50 saved; 15.3s; tools=0
C3: 35/50 saved; 13.6s; tools=0
C3: 36/50 saved; 17.3s; tools=0
C3: 37/50 saved; 12.7s; tools=0
C3: 38/50 saved; 15.4s; tools=0
C3: 39/50 saved; 10.8s; tools=0
C3: 40/50 saved; 12.2s; tools=0
C3: 41/50 saved; 12.7s; tools=0
C3: 42/50 saved; 12.8s; tools=0
C3: 43/50 saved; 13.3s; tools=0
C3: 44/50 saved; 10.7s; tools=0
C3: 45/50 saved; 12.3s; tools=0
C3: 46/50 saved; 12.7s; tools=0
C3: 47/50 saved; 12.4s; tools=0
C3: 48/50 saved; 13.0s; tools=0
C3: 49/50 saved; 14.4s; tools=0
C3: 50/50 saved; 12.5s; tools=0
C4: 1/50 saved; 10.6s; tools=0
C4: 2/50 saved; 17.5s; tools=0
C4: 3/50 saved; 13.4s; tools=0
C4: 4/50 saved; 12.3s; tools=0
C4: 5/50 saved; 13.9s; tools=0
C4: 6/50 saved; 13.1s; tools=0
C4: 7/50 saved; 13.7s; tools=0
C4: 8/50 saved; 13.1s; tools=0
C4: 9/50 saved; 13.1s; tools=0
C4: 10/50 saved; 15.5s; tools=0
C4: 11/50 saved; 17.2s; tools=0
C4: 12/50 saved; 14.4s; tools=0
C4: 13/50 saved; 13.6s; tools=0
C4: 14/50 saved; 16.3s; tools=0
C4: 15/50 saved; 17.6s; tools=0
C4: 16/50 saved; 12.9s; tools=0
C4: 17/50 saved; 14.7s; tools=0
C4: 18/50 saved; 16.8s; tools=0
C4: 19/50 saved; 12.4s; tools=0
C4: 20/50 saved; 10.5s; tools=0
C4: 21/50 saved; 10.7s; tools=0
C4: 22/50 saved; 17.0s; tools=0
C4: 23/50 saved; 17.6s; tools=0
C4: 24/50 saved; 13.6s; tools=0
C4: 25/50 saved; 12.1s; tools=0
C4: 26/50 saved; 10.0s; tools=0
C4: 27/50 saved; 11.8s; tools=0
C4: 28/50 saved; 15.0s; tools=0
C4: 29/50 saved; 13.1s; tools=0
C4: 30/50 saved; 12.6s; tools=0
C4: 31/50 saved; 11.3s; tools=0
C4: 32/50 saved; 18.0s; tools=0
C4: 33/50 saved; 11.9s; tools=0
C4: 34/50 saved; 15.0s; tools=0
C4: 35/50 saved; 13.5s; tools=0
C4: 36/50 saved; 17.6s; tools=0
C4: 37/50 saved; 13.0s; tools=0
C4: 38/50 saved; 15.7s; tools=0
C4: 39/50 saved; 11.2s; tools=0
C4: 40/50 saved; 12.6s; tools=0
C4: 41/50 saved; 13.3s; tools=0
C4: 42/50 saved; 13.3s; tools=0
C4: 43/50 saved; 13.6s; tools=0
C4: 44/50 saved; 11.2s; tools=0
C4: 45/50 saved; 12.8s; tools=0
C4: 46/50 saved; 13.2s; tools=0
C4: 47/50 saved; 12.8s; tools=0
C4: 48/50 saved; 13.5s; tools=0
C4: 49/50 saved; 14.7s; tools=0
C4: 50/50 saved; 12.7s; tools=0
D: 1/30 paired cases saved
D: 2/30 paired cases saved
D: 3/30 paired cases saved
D: 4/30 paired cases saved
D: 5/30 paired cases saved
D: 6/30 paired cases saved
D: 7/30 paired cases saved
D: 8/30 paired cases saved
D: 9/30 paired cases saved
D: 10/30 paired cases saved
D: 11/30 paired cases saved
D: 12/30 paired cases saved
D: 13/30 paired cases saved
D: 14/30 paired cases saved
D: 15/30 paired cases saved
D: 16/30 paired cases saved
D: 17/30 paired cases saved
D: 18/30 paired cases saved
D: 19/30 paired cases saved
D: 20/30 paired cases saved
D: 21/30 paired cases saved
D: 22/30 paired cases saved
D: 23/30 paired cases saved
D: 24/30 paired cases saved
D: 25/30 paired cases saved
D: 26/30 paired cases saved
D: 27/30 paired cases saved
D: 28/30 paired cases saved
D: 29/30 paired cases saved
D: 30/30 paired cases saved
{
  "policy_sha256": "54f2e2ee4904cea4a287d3df93504e7eebd4093e4171acd10b13e893bf11f13d",
  "freeze_lock_sha256": "8ada91f2f0319078af38027bacc1a6a2750d376bd511c3c28fde45555a4bf85b",
  "runner_sha256": "53450e1df0528a40a5cf647101c1bfdb1501cb2994f849adc7972f358afe3146",
  "started_at_utc": "2026-09-30T01:12:19.990512+00:00",
  "status": "complete",
  "reason": "Attempt 1 failed before inference because the sandbox did not expose a Metal GPU. Same policy, data, code, settings and seeds.",
  "run_output": "runs/policy_first_gpu",
  "ended_at_utc": "2026-09-30T02:32:44.670433+00:00",
  "exit_code": 0,
  "changed_frozen_files": []
}
